D:/NMT/Spring2023/EE481_capstone/STM_disco/LANL_Neutron_DSP/Drivers/STM32F4xx_HAL_Driver/Src/stm32f4xx_hal_qspi.c:2574:13:QSPI_DMARxCplt	0	static
D:/NMT/Spring2023/EE481_capstone/STM_disco/LANL_Neutron_DSP/Drivers/STM32F4xx_HAL_Driver/Src/stm32f4xx_hal_qspi.c:2588:13:QSPI_DMATxCplt	0	static
D:/NMT/Spring2023/EE481_capstone/STM_disco/LANL_Neutron_DSP/Drivers/STM32F4xx_HAL_Driver/Src/stm32f4xx_hal_qspi.c:2760:13:QSPI_Config	32	static
D:/NMT/Spring2023/EE481_capstone/STM_disco/LANL_Neutron_DSP/Drivers/STM32F4xx_HAL_Driver/Src/stm32f4xx_hal_qspi.c:2702:26:QSPI_WaitFlagStateUntilTimeout	24	static
D:/NMT/Spring2023/EE481_capstone/STM_disco/LANL_Neutron_DSP/Drivers/STM32F4xx_HAL_Driver/Src/stm32f4xx_hal_qspi.c:2731:26:QSPI_WaitFlagStateUntilTimeout_CPUCycle.constprop	8	static
D:/NMT/Spring2023/EE481_capstone/STM_disco/LANL_Neutron_DSP/Drivers/STM32F4xx_HAL_Driver/Src/stm32f4xx_hal_qspi.c:434:13:HAL_QSPI_MspInit	0	static
D:/NMT/Spring2023/EE481_capstone/STM_disco/LANL_Neutron_DSP/Drivers/STM32F4xx_HAL_Driver/Src/stm32f4xx_hal_qspi.c:292:19:HAL_QSPI_Init	32	static
D:/NMT/Spring2023/EE481_capstone/STM_disco/LANL_Neutron_DSP/Drivers/STM32F4xx_HAL_Driver/Src/stm32f4xx_hal_qspi.c:449:13:HAL_QSPI_MspDeInit	0	static
D:/NMT/Spring2023/EE481_capstone/STM_disco/LANL_Neutron_DSP/Drivers/STM32F4xx_HAL_Driver/Src/stm32f4xx_hal_qspi.c:393:19:HAL_QSPI_DeInit	8	static
D:/NMT/Spring2023/EE481_capstone/STM_disco/LANL_Neutron_DSP/Drivers/STM32F4xx_HAL_Driver/Src/stm32f4xx_hal_qspi.c:781:19:HAL_QSPI_Command	48	static
D:/NMT/Spring2023/EE481_capstone/STM_disco/LANL_Neutron_DSP/Drivers/STM32F4xx_HAL_Driver/Src/stm32f4xx_hal_qspi.c:870:19:HAL_QSPI_Command_IT	24	static
D:/NMT/Spring2023/EE481_capstone/STM_disco/LANL_Neutron_DSP/Drivers/STM32F4xx_HAL_Driver/Src/stm32f4xx_hal_qspi.c:1141:19:HAL_QSPI_Transmit_IT	8	static
D:/NMT/Spring2023/EE481_capstone/STM_disco/LANL_Neutron_DSP/Drivers/STM32F4xx_HAL_Driver/Src/stm32f4xx_hal_qspi.c:1201:19:HAL_QSPI_Receive_IT	12	static
D:/NMT/Spring2023/EE481_capstone/STM_disco/LANL_Neutron_DSP/Drivers/STM32F4xx_HAL_Driver/Src/stm32f4xx_hal_qspi.c:1269:19:HAL_QSPI_Transmit_DMA	24	static
D:/NMT/Spring2023/EE481_capstone/STM_disco/LANL_Neutron_DSP/Drivers/STM32F4xx_HAL_Driver/Src/stm32f4xx_hal_qspi.c:1436:19:HAL_QSPI_Receive_DMA	24	static
D:/NMT/Spring2023/EE481_capstone/STM_disco/LANL_Neutron_DSP/Drivers/STM32F4xx_HAL_Driver/Src/stm32f4xx_hal_qspi.c:1642:19:HAL_QSPI_AutoPolling	40	static
D:/NMT/Spring2023/EE481_capstone/STM_disco/LANL_Neutron_DSP/Drivers/STM32F4xx_HAL_Driver/Src/stm32f4xx_hal_qspi.c:1742:19:HAL_QSPI_AutoPolling_IT	24	static
D:/NMT/Spring2023/EE481_capstone/STM_disco/LANL_Neutron_DSP/Drivers/STM32F4xx_HAL_Driver/Src/stm32f4xx_hal_qspi.c:1845:19:HAL_QSPI_MemoryMapped	32	static
D:/NMT/Spring2023/EE481_capstone/STM_disco/LANL_Neutron_DSP/Drivers/STM32F4xx_HAL_Driver/Src/stm32f4xx_hal_qspi.c:1931:13:HAL_QSPI_ErrorCallback	0	static
D:/NMT/Spring2023/EE481_capstone/STM_disco/LANL_Neutron_DSP/Drivers/STM32F4xx_HAL_Driver/Src/stm32f4xx_hal_qspi.c:2659:13:QSPI_DMAAbortCplt	8	static
D:/NMT/Spring2023/EE481_capstone/STM_disco/LANL_Neutron_DSP/Drivers/STM32F4xx_HAL_Driver/Src/stm32f4xx_hal_qspi.c:1946:13:HAL_QSPI_AbortCpltCallback	0	static
D:/NMT/Spring2023/EE481_capstone/STM_disco/LANL_Neutron_DSP/Drivers/STM32F4xx_HAL_Driver/Src/stm32f4xx_hal_qspi.c:1961:13:HAL_QSPI_CmdCpltCallback	0	static
D:/NMT/Spring2023/EE481_capstone/STM_disco/LANL_Neutron_DSP/Drivers/STM32F4xx_HAL_Driver/Src/stm32f4xx_hal_qspi.c:1976:13:HAL_QSPI_RxCpltCallback	0	static
D:/NMT/Spring2023/EE481_capstone/STM_disco/LANL_Neutron_DSP/Drivers/STM32F4xx_HAL_Driver/Src/stm32f4xx_hal_qspi.c:1991:13:HAL_QSPI_TxCpltCallback	0	static
D:/NMT/Spring2023/EE481_capstone/STM_disco/LANL_Neutron_DSP/Drivers/STM32F4xx_HAL_Driver/Src/stm32f4xx_hal_qspi.c:2006:13:HAL_QSPI_RxHalfCpltCallback	0	static
D:/NMT/Spring2023/EE481_capstone/STM_disco/LANL_Neutron_DSP/Drivers/STM32F4xx_HAL_Driver/Src/stm32f4xx_hal_qspi.c:2602:13:QSPI_DMARxHalfCplt	8	static
D:/NMT/Spring2023/EE481_capstone/STM_disco/LANL_Neutron_DSP/Drivers/STM32F4xx_HAL_Driver/Src/stm32f4xx_hal_qspi.c:2021:13:HAL_QSPI_TxHalfCpltCallback	0	static
D:/NMT/Spring2023/EE481_capstone/STM_disco/LANL_Neutron_DSP/Drivers/STM32F4xx_HAL_Driver/Src/stm32f4xx_hal_qspi.c:2618:13:QSPI_DMATxHalfCplt	8	static
D:/NMT/Spring2023/EE481_capstone/STM_disco/LANL_Neutron_DSP/Drivers/STM32F4xx_HAL_Driver/Src/stm32f4xx_hal_qspi.c:2036:13:HAL_QSPI_FifoThresholdCallback	0	static
D:/NMT/Spring2023/EE481_capstone/STM_disco/LANL_Neutron_DSP/Drivers/STM32F4xx_HAL_Driver/Src/stm32f4xx_hal_qspi.c:2051:13:HAL_QSPI_StatusMatchCallback	0	static
D:/NMT/Spring2023/EE481_capstone/STM_disco/LANL_Neutron_DSP/Drivers/STM32F4xx_HAL_Driver/Src/stm32f4xx_hal_qspi.c:2066:13:HAL_QSPI_TimeOutCallback	0	static
D:/NMT/Spring2023/EE481_capstone/STM_disco/LANL_Neutron_DSP/Drivers/STM32F4xx_HAL_Driver/Src/stm32f4xx_hal_qspi.c:2324:23:HAL_QSPI_GetState	0	static
D:/NMT/Spring2023/EE481_capstone/STM_disco/LANL_Neutron_DSP/Drivers/STM32F4xx_HAL_Driver/Src/stm32f4xx_hal_qspi.c:2335:10:HAL_QSPI_GetError	0	static
D:/NMT/Spring2023/EE481_capstone/STM_disco/LANL_Neutron_DSP/Drivers/STM32F4xx_HAL_Driver/Src/stm32f4xx_hal_qspi.c:2345:19:HAL_QSPI_Abort	24	static
D:/NMT/Spring2023/EE481_capstone/STM_disco/LANL_Neutron_DSP/Drivers/STM32F4xx_HAL_Driver/Src/stm32f4xx_hal_qspi.c:969:19:HAL_QSPI_Transmit	40	static
D:/NMT/Spring2023/EE481_capstone/STM_disco/LANL_Neutron_DSP/Drivers/STM32F4xx_HAL_Driver/Src/stm32f4xx_hal_qspi.c:1054:19:HAL_QSPI_Receive	40	static
D:/NMT/Spring2023/EE481_capstone/STM_disco/LANL_Neutron_DSP/Drivers/STM32F4xx_HAL_Driver/Src/stm32f4xx_hal_qspi.c:2409:19:HAL_QSPI_Abort_IT	8	static
D:/NMT/Spring2023/EE481_capstone/STM_disco/LANL_Neutron_DSP/Drivers/STM32F4xx_HAL_Driver/Src/stm32f4xx_hal_qspi.c:488:6:HAL_QSPI_IRQHandler	16	static
D:/NMT/Spring2023/EE481_capstone/STM_disco/LANL_Neutron_DSP/Drivers/STM32F4xx_HAL_Driver/Src/stm32f4xx_hal_qspi.c:2634:13:QSPI_DMAError	8	static
D:/NMT/Spring2023/EE481_capstone/STM_disco/LANL_Neutron_DSP/Drivers/STM32F4xx_HAL_Driver/Src/stm32f4xx_hal_qspi.c:2473:6:HAL_QSPI_SetTimeout	0	static
D:/NMT/Spring2023/EE481_capstone/STM_disco/LANL_Neutron_DSP/Drivers/STM32F4xx_HAL_Driver/Src/stm32f4xx_hal_qspi.c:2483:19:HAL_QSPI_SetFifoThreshold	0	static
D:/NMT/Spring2023/EE481_capstone/STM_disco/LANL_Neutron_DSP/Drivers/STM32F4xx_HAL_Driver/Src/stm32f4xx_hal_qspi.c:2515:10:HAL_QSPI_GetFifoThreshold	0	static
D:/NMT/Spring2023/EE481_capstone/STM_disco/LANL_Neutron_DSP/Drivers/STM32F4xx_HAL_Driver/Src/stm32f4xx_hal_qspi.c:2527:19:HAL_QSPI_SetFlashID	0	static
