D:/NMT/Spring2023/EE481_capstone/STM_disco/LANL_Neutron_DSP/Drivers/STM32F4xx_HAL_Driver/Src/stm32f4xx_ll_fmc.c:238:20:FMC_NORSRAM_Init	20	static
D:/NMT/Spring2023/EE481_capstone/STM_disco/LANL_Neutron_DSP/Drivers/STM32F4xx_HAL_Driver/Src/stm32f4xx_ll_fmc.c:360:19:FMC_NORSRAM_DeInit	8	static
D:/NMT/Spring2023/EE481_capstone/STM_disco/LANL_Neutron_DSP/Drivers/STM32F4xx_HAL_Driver/Src/stm32f4xx_ll_fmc.c:397:19:FMC_NORSRAM_Timing_Init	20	static
D:/NMT/Spring2023/EE481_capstone/STM_disco/LANL_Neutron_DSP/Drivers/STM32F4xx_HAL_Driver/Src/stm32f4xx_ll_fmc.c:449:19:FMC_NORSRAM_Extended_Timing_Init	12	static
D:/NMT/Spring2023/EE481_capstone/STM_disco/LANL_Neutron_DSP/Drivers/STM32F4xx_HAL_Driver/Src/stm32f4xx_ll_fmc.c:507:19:FMC_NORSRAM_WriteOperation_Enable	0	static
D:/NMT/Spring2023/EE481_capstone/STM_disco/LANL_Neutron_DSP/Drivers/STM32F4xx_HAL_Driver/Src/stm32f4xx_ll_fmc.c:525:19:FMC_NORSRAM_WriteOperation_Disable	0	static
D:/NMT/Spring2023/EE481_capstone/STM_disco/LANL_Neutron_DSP/Drivers/STM32F4xx_HAL_Driver/Src/stm32f4xx_ll_fmc.c:597:19:FMC_NAND_Init	8	static
D:/NMT/Spring2023/EE481_capstone/STM_disco/LANL_Neutron_DSP/Drivers/STM32F4xx_HAL_Driver/Src/stm32f4xx_ll_fmc.c:655:19:FMC_NAND_CommonSpace_Timing_Init	0	static
D:/NMT/Spring2023/EE481_capstone/STM_disco/LANL_Neutron_DSP/Drivers/STM32F4xx_HAL_Driver/Src/stm32f4xx_ll_fmc.c:706:19:FMC_NAND_AttributeSpace_Timing_Init	0	static
D:/NMT/Spring2023/EE481_capstone/STM_disco/LANL_Neutron_DSP/Drivers/STM32F4xx_HAL_Driver/Src/stm32f4xx_ll_fmc.c:755:19:FMC_NAND_DeInit	0	static
D:/NMT/Spring2023/EE481_capstone/STM_disco/LANL_Neutron_DSP/Drivers/STM32F4xx_HAL_Driver/Src/stm32f4xx_ll_fmc.c:823:19:FMC_NAND_ECC_Enable	0	static
D:/NMT/Spring2023/EE481_capstone/STM_disco/LANL_Neutron_DSP/Drivers/STM32F4xx_HAL_Driver/Src/stm32f4xx_ll_fmc.c:856:19:FMC_NAND_ECC_Disable	0	static
D:/NMT/Spring2023/EE481_capstone/STM_disco/LANL_Neutron_DSP/Drivers/STM32F4xx_HAL_Driver/Src/stm32f4xx_ll_fmc.c:890:19:FMC_NAND_GetECC	24	static
D:/NMT/Spring2023/EE481_capstone/STM_disco/LANL_Neutron_DSP/Drivers/STM32F4xx_HAL_Driver/Src/stm32f4xx_ll_fmc.c:1180:19:FMC_SDRAM_Init	28	static
D:/NMT/Spring2023/EE481_capstone/STM_disco/LANL_Neutron_DSP/Drivers/STM32F4xx_HAL_Driver/Src/stm32f4xx_ll_fmc.c:1242:19:FMC_SDRAM_Timing_Init	20	static
D:/NMT/Spring2023/EE481_capstone/STM_disco/LANL_Neutron_DSP/Drivers/STM32F4xx_HAL_Driver/Src/stm32f4xx_ll_fmc.c:1294:19:FMC_SDRAM_DeInit	0	static
D:/NMT/Spring2023/EE481_capstone/STM_disco/LANL_Neutron_DSP/Drivers/STM32F4xx_HAL_Driver/Src/stm32f4xx_ll_fmc.c:1335:19:FMC_SDRAM_WriteProtection_Enable	0	static
D:/NMT/Spring2023/EE481_capstone/STM_disco/LANL_Neutron_DSP/Drivers/STM32F4xx_HAL_Driver/Src/stm32f4xx_ll_fmc.c:1352:19:FMC_SDRAM_WriteProtection_Disable	0	static
D:/NMT/Spring2023/EE481_capstone/STM_disco/LANL_Neutron_DSP/Drivers/STM32F4xx_HAL_Driver/Src/stm32f4xx_ll_fmc.c:1372:19:FMC_SDRAM_SendCommand	16	static
D:/NMT/Spring2023/EE481_capstone/STM_disco/LANL_Neutron_DSP/Drivers/STM32F4xx_HAL_Driver/Src/stm32f4xx_ll_fmc.c:1412:19:FMC_SDRAM_ProgramRefreshRate	0	static
D:/NMT/Spring2023/EE481_capstone/STM_disco/LANL_Neutron_DSP/Drivers/STM32F4xx_HAL_Driver/Src/stm32f4xx_ll_fmc.c:1430:19:FMC_SDRAM_SetAutoRefreshNumber	0	static
D:/NMT/Spring2023/EE481_capstone/STM_disco/LANL_Neutron_DSP/Drivers/STM32F4xx_HAL_Driver/Src/stm32f4xx_ll_fmc.c:1452:10:FMC_SDRAM_GetModeStatus	0	static
