D:/NMT/Spring2023/EE481_capstone/STM_disco/LANL_Neutron_DSP/Drivers/STM32F4xx_HAL_Driver/Src/stm32f4xx_hal_sdram.c:248:13:HAL_SDRAM_MspInit	0	static
D:/NMT/Spring2023/EE481_capstone/STM_disco/LANL_Neutron_DSP/Drivers/STM32F4xx_HAL_Driver/Src/stm32f4xx_hal_sdram.c:166:19:HAL_SDRAM_Init	16	static
D:/NMT/Spring2023/EE481_capstone/STM_disco/LANL_Neutron_DSP/Drivers/STM32F4xx_HAL_Driver/Src/stm32f4xx_hal_sdram.c:264:13:HAL_SDRAM_MspDeInit	0	static
D:/NMT/Spring2023/EE481_capstone/STM_disco/LANL_Neutron_DSP/Drivers/STM32F4xx_HAL_Driver/Src/stm32f4xx_hal_sdram.c:215:19:HAL_SDRAM_DeInit	8	static
D:/NMT/Spring2023/EE481_capstone/STM_disco/LANL_Neutron_DSP/Drivers/STM32F4xx_HAL_Driver/Src/stm32f4xx_hal_sdram.c:303:13:HAL_SDRAM_RefreshErrorCallback	0	static
D:/NMT/Spring2023/EE481_capstone/STM_disco/LANL_Neutron_DSP/Drivers/STM32F4xx_HAL_Driver/Src/stm32f4xx_hal_sdram.c:280:6:HAL_SDRAM_IRQHandler	8	static
D:/NMT/Spring2023/EE481_capstone/STM_disco/LANL_Neutron_DSP/Drivers/STM32F4xx_HAL_Driver/Src/stm32f4xx_hal_sdram.c:319:13:HAL_SDRAM_DMA_XferCpltCallback	0	static
D:/NMT/Spring2023/EE481_capstone/STM_disco/LANL_Neutron_DSP/Drivers/STM32F4xx_HAL_Driver/Src/stm32f4xx_hal_sdram.c:1259:13:SDRAM_DMACpltProt	8	static
D:/NMT/Spring2023/EE481_capstone/STM_disco/LANL_Neutron_DSP/Drivers/STM32F4xx_HAL_Driver/Src/stm32f4xx_hal_sdram.c:1237:13:SDRAM_DMACplt	8	static
D:/NMT/Spring2023/EE481_capstone/STM_disco/LANL_Neutron_DSP/Drivers/STM32F4xx_HAL_Driver/Src/stm32f4xx_hal_sdram.c:334:13:HAL_SDRAM_DMA_XferErrorCallback	0	static
D:/NMT/Spring2023/EE481_capstone/STM_disco/LANL_Neutron_DSP/Drivers/STM32F4xx_HAL_Driver/Src/stm32f4xx_hal_sdram.c:1281:13:SDRAM_DMAError	8	static
D:/NMT/Spring2023/EE481_capstone/STM_disco/LANL_Neutron_DSP/Drivers/STM32F4xx_HAL_Driver/Src/stm32f4xx_hal_sdram.c:371:19:HAL_SDRAM_Read_8b	16	static
D:/NMT/Spring2023/EE481_capstone/STM_disco/LANL_Neutron_DSP/Drivers/STM32F4xx_HAL_Driver/Src/stm32f4xx_hal_sdram.c:423:19:HAL_SDRAM_Write_8b	16	static
D:/NMT/Spring2023/EE481_capstone/STM_disco/LANL_Neutron_DSP/Drivers/STM32F4xx_HAL_Driver/Src/stm32f4xx_hal_sdram.c:474:19:HAL_SDRAM_Read_16b	20	static
D:/NMT/Spring2023/EE481_capstone/STM_disco/LANL_Neutron_DSP/Drivers/STM32F4xx_HAL_Driver/Src/stm32f4xx_hal_sdram.c:534:19:HAL_SDRAM_Write_16b	20	static
D:/NMT/Spring2023/EE481_capstone/STM_disco/LANL_Neutron_DSP/Drivers/STM32F4xx_HAL_Driver/Src/stm32f4xx_hal_sdram.c:593:19:HAL_SDRAM_Read_32b	12	static
D:/NMT/Spring2023/EE481_capstone/STM_disco/LANL_Neutron_DSP/Drivers/STM32F4xx_HAL_Driver/Src/stm32f4xx_hal_sdram.c:645:19:HAL_SDRAM_Write_32b	12	static
D:/NMT/Spring2023/EE481_capstone/STM_disco/LANL_Neutron_DSP/Drivers/STM32F4xx_HAL_Driver/Src/stm32f4xx_hal_sdram.c:696:19:HAL_SDRAM_Read_DMA	16	static
D:/NMT/Spring2023/EE481_capstone/STM_disco/LANL_Neutron_DSP/Drivers/STM32F4xx_HAL_Driver/Src/stm32f4xx_hal_sdram.c:749:19:HAL_SDRAM_Write_DMA	16	static
D:/NMT/Spring2023/EE481_capstone/STM_disco/LANL_Neutron_DSP/Drivers/STM32F4xx_HAL_Driver/Src/stm32f4xx_hal_sdram.c:1012:19:HAL_SDRAM_WriteProtection_Enable	8	static
D:/NMT/Spring2023/EE481_capstone/STM_disco/LANL_Neutron_DSP/Drivers/STM32F4xx_HAL_Driver/Src/stm32f4xx_hal_sdram.c:1044:19:HAL_SDRAM_WriteProtection_Disable	8	static
D:/NMT/Spring2023/EE481_capstone/STM_disco/LANL_Neutron_DSP/Drivers/STM32F4xx_HAL_Driver/Src/stm32f4xx_hal_sdram.c:1080:19:HAL_SDRAM_SendCommand	16	static
D:/NMT/Spring2023/EE481_capstone/STM_disco/LANL_Neutron_DSP/Drivers/STM32F4xx_HAL_Driver/Src/stm32f4xx_hal_sdram.c:1123:19:HAL_SDRAM_ProgramRefreshRate	16	static
D:/NMT/Spring2023/EE481_capstone/STM_disco/LANL_Neutron_DSP/Drivers/STM32F4xx_HAL_Driver/Src/stm32f4xx_hal_sdram.c:1156:19:HAL_SDRAM_SetAutoRefreshNumber	16	static
D:/NMT/Spring2023/EE481_capstone/STM_disco/LANL_Neutron_DSP/Drivers/STM32F4xx_HAL_Driver/Src/stm32f4xx_hal_sdram.c:1188:10:HAL_SDRAM_GetModeStatus	0	static
D:/NMT/Spring2023/EE481_capstone/STM_disco/LANL_Neutron_DSP/Drivers/STM32F4xx_HAL_Driver/Src/stm32f4xx_hal_sdram.c:1219:24:HAL_SDRAM_GetState	0	static
