D:/NMT/Spring2023/EE481_capstone/STM_disco/LANL_Neutron_DSP/Drivers/BSP/STM32469I-Discovery/stm32469i_discovery_sdram.c:220:6:BSP_SDRAM_Initialization_sequence	40	static
D:/NMT/Spring2023/EE481_capstone/STM_disco/LANL_Neutron_DSP/Drivers/BSP/STM32469I-Discovery/stm32469i_discovery_sdram.c:282:9:BSP_SDRAM_ReadData	8	static
D:/NMT/Spring2023/EE481_capstone/STM_disco/LANL_Neutron_DSP/Drivers/BSP/STM32469I-Discovery/stm32469i_discovery_sdram.c:301:9:BSP_SDRAM_ReadData_DMA	8	static
D:/NMT/Spring2023/EE481_capstone/STM_disco/LANL_Neutron_DSP/Drivers/BSP/STM32469I-Discovery/stm32469i_discovery_sdram.c:320:9:BSP_SDRAM_WriteData	8	static
D:/NMT/Spring2023/EE481_capstone/STM_disco/LANL_Neutron_DSP/Drivers/BSP/STM32469I-Discovery/stm32469i_discovery_sdram.c:339:9:BSP_SDRAM_WriteData_DMA	8	static
D:/NMT/Spring2023/EE481_capstone/STM_disco/LANL_Neutron_DSP/Drivers/BSP/STM32469I-Discovery/stm32469i_discovery_sdram.c:356:9:BSP_SDRAM_Sendcmd	8	static
D:/NMT/Spring2023/EE481_capstone/STM_disco/LANL_Neutron_DSP/Drivers/BSP/STM32469I-Discovery/stm32469i_discovery_sdram.c:371:6:BSP_SDRAM_DMA_IRQHandler	0	static
D:/NMT/Spring2023/EE481_capstone/STM_disco/LANL_Neutron_DSP/Drivers/BSP/STM32469I-Discovery/stm32469i_discovery_sdram.c:382:13:BSP_SDRAM_MspInit	72	static
D:/NMT/Spring2023/EE481_capstone/STM_disco/LANL_Neutron_DSP/Drivers/BSP/STM32469I-Discovery/stm32469i_discovery_sdram.c:148:9:BSP_SDRAM_Init	16	static
D:/NMT/Spring2023/EE481_capstone/STM_disco/LANL_Neutron_DSP/Drivers/BSP/STM32469I-Discovery/stm32469i_discovery_sdram.c:489:13:BSP_SDRAM_MspDeInit	8	static
D:/NMT/Spring2023/EE481_capstone/STM_disco/LANL_Neutron_DSP/Drivers/BSP/STM32469I-Discovery/stm32469i_discovery_sdram.c:197:9:BSP_SDRAM_DeInit	16	static
