D:/NMT/Spring2023/EE481_capstone/STM_disco/LANL_Neutron_DSP/Drivers/BSP/Components/ft6x06/ft6x06.c:163:6:ft6x06_Reset	0	static
D:/NMT/Spring2023/EE481_capstone/STM_disco/LANL_Neutron_DSP/Drivers/BSP/Components/ft6x06/ft6x06.c:316:9:ft6x06_TS_ITStatus	0	static
D:/NMT/Spring2023/EE481_capstone/STM_disco/LANL_Neutron_DSP/Drivers/BSP/Components/ft6x06/ft6x06.c:175:10:ft6x06_ReadID	8	static
D:/NMT/Spring2023/EE481_capstone/STM_disco/LANL_Neutron_DSP/Drivers/BSP/Components/ft6x06/ft6x06.c:213:9:ft6x06_TS_DetectTouch	16	static
D:/NMT/Spring2023/EE481_capstone/STM_disco/LANL_Neutron_DSP/Drivers/BSP/Components/ft6x06/ft6x06.c:245:6:ft6x06_TS_GetXY	24	static
D:/NMT/Spring2023/EE481_capstone/STM_disco/LANL_Neutron_DSP/Drivers/BSP/Components/ft6x06/ft6x06.c:284:6:ft6x06_TS_EnableIT	0	static
D:/NMT/Spring2023/EE481_capstone/STM_disco/LANL_Neutron_DSP/Drivers/BSP/Components/ft6x06/ft6x06.c:299:6:ft6x06_TS_DisableIT	0	static
D:/NMT/Spring2023/EE481_capstone/STM_disco/LANL_Neutron_DSP/Drivers/BSP/Components/ft6x06/ft6x06.c:191:6:ft6x06_TS_Start	0	static
D:/NMT/Spring2023/EE481_capstone/STM_disco/LANL_Neutron_DSP/Drivers/BSP/Components/ft6x06/ft6x06.c:329:6:ft6x06_TS_ClearIT	0	static
D:/NMT/Spring2023/EE481_capstone/STM_disco/LANL_Neutron_DSP/Drivers/BSP/Components/ft6x06/ft6x06.c:132:6:ft6x06_Init	4	static
