../../Middlewares/ST/touchgfx/framework/include/touchgfx/Font.hpp:200:30:virtual const touchgfx::GlyphNode* touchgfx::Font::getGlyph(touchgfx::Unicode::UnicodeChar) const	16	static
../../Middlewares/ST/touchgfx/framework/include/touchgfx/Font.hpp:219:34:virtual touchgfx::Unicode::UnicodeChar touchgfx::Font::getFallbackChar() const	0	static
../../Middlewares/ST/touchgfx/framework/include/touchgfx/Font.hpp:232:34:virtual touchgfx::Unicode::UnicodeChar touchgfx::Font::getEllipsisChar() const	0	static
../../Middlewares/ST/touchgfx/framework/include/touchgfx/Font.hpp:332:44:virtual uint16_t touchgfx::Font::getBaseline() const	0	static
../../Middlewares/ST/touchgfx/framework/include/touchgfx/Font.hpp:352:44:virtual uint16_t touchgfx::Font::getHeight() const	0	static
../../Middlewares/ST/touchgfx/framework/include/touchgfx/Font.hpp:383:43:virtual uint8_t touchgfx::Font::getBitsPerPixel() const	0	static
../../Middlewares/ST/touchgfx/framework/include/touchgfx/Font.hpp:393:43:virtual uint8_t touchgfx::Font::getByteAlignRow() const	0	static
../../TouchGFX/generated/fonts/include/fonts/CachedFont.hpp:66:18:virtual void touchgfx::CachedFont::setGSUBTable(const uint16_t*)	0	static
../../TouchGFX/generated/fonts/include/fonts/CachedFont.hpp:80:18:virtual void touchgfx::CachedFont::setContextualFormsTable(const touchgfx::FontContextualFormsTable*)	0	static
D:/NMT/Spring2023/EE481_capstone/STM_disco/LANL_Neutron_DSP/TouchGFX/generated/fonts/src/CachedFont.cpp:8:16:virtual const uint8_t* touchgfx::CachedFont::getPixelData(const touchgfx::GlyphNode*) const	0	static
D:/NMT/Spring2023/EE481_capstone/STM_disco/LANL_Neutron_DSP/TouchGFX/generated/fonts/src/CachedFont.cpp:50:8:virtual int8_t touchgfx::CachedFont::getKerning(touchgfx::Unicode::UnicodeChar, const touchgfx::GlyphNode*) const	0	static
../../TouchGFX/generated/fonts/include/fonts/CachedFont.hpp:12:7:touchgfx::CachedFont::~CachedFont()	0	static
D:/NMT/Spring2023/EE481_capstone/STM_disco/LANL_Neutron_DSP/TouchGFX/generated/fonts/src/CachedFont.cpp:19:18:virtual const touchgfx::GlyphNode* touchgfx::CachedFont::getGlyph(touchgfx::Unicode::UnicodeChar, const uint8_t*&, uint8_t&) const	32	static
../../TouchGFX/generated/fonts/include/fonts/CachedFont.hpp:12:7:virtual touchgfx::CachedFont::~CachedFont()	8	static
../../TouchGFX/generated/fonts/include/fonts/CachedFont.hpp:57:29:virtual const uint16_t* touchgfx::CachedFont::getGSUBTable() const	0	static
../../TouchGFX/generated/fonts/include/fonts/CachedFont.hpp:71:45:virtual const touchgfx::FontContextualFormsTable* touchgfx::CachedFont::getContextualFormsTable() const	0	static
