../../Middlewares/ST/touchgfx/framework/include/touchgfx/Application.hpp:72:18:virtual void touchgfx::Application::changeToStartScreen()	0	static
../../Middlewares/ST/touchgfx/framework/include/touchgfx/Application.hpp:91:18:virtual void touchgfx::Application::appSwitchScreen(uint8_t)	0	static
../../Middlewares/ST/touchgfx/framework/include/touchgfx/Application.hpp:104:18:virtual void touchgfx::Application::requestRedraw(touchgfx::Rect&)	0	static
../../Middlewares/ST/touchgfx/framework/include/touchgfx/transitions/Transition.hpp:72:18:virtual void touchgfx::Transition::tearDown()	0	static
../../Middlewares/ST/touchgfx/framework/include/touchgfx/transitions/Transition.hpp:80:18:virtual void touchgfx::Transition::init()	0	static
../../Middlewares/ST/touchgfx/framework/include/touchgfx/transitions/Transition.hpp:100:18:virtual void touchgfx::Transition::setScreenContainer(touchgfx::Container&)	0	static
../../Middlewares/ST/touchgfx/framework/include/mvp/MVPApplication.hpp:43:7:touchgfx::MVPApplication::~MVPApplication()	0	static
../../TouchGFX/generated/gui_generated/include/gui_generated/common/FrontendApplicationBase.hpp:16:13:FrontendApplicationBase::~FrontendApplicationBase()	0	static
../../TouchGFX/generated/gui_generated/include/gui_generated/common/FrontendApplicationBase.hpp:18:18:virtual void FrontendApplicationBase::changeToStartScreen()	0	static
../../Middlewares/ST/touchgfx/framework/include/touchgfx/transitions/NoTransition.hpp:35:18:virtual void touchgfx::NoTransition::handleTickEvent()	0	static
../../Middlewares/ST/touchgfx/framework/include/touchgfx/transitions/BlockTransition.hpp:103:18:virtual void touchgfx::BlockTransition::tearDown()	0	static
../../Middlewares/ST/touchgfx/framework/include/touchgfx/transitions/BlockTransition.hpp:107:18:virtual void touchgfx::BlockTransition::init()	0	static
../../Middlewares/ST/touchgfx/framework/include/touchgfx/transitions/BlockTransition.hpp:116:18:virtual void touchgfx::BlockTransition::invalidate()	0	static
../../Middlewares/ST/touchgfx/framework/include/touchgfx/transitions/BlockTransition.hpp:32:7:touchgfx::BlockTransition::~BlockTransition()	0	static
../../Middlewares/ST/touchgfx/framework/include/touchgfx/transitions/NoTransition.hpp:31:7:touchgfx::NoTransition::~NoTransition()	0	static
../../Middlewares/ST/touchgfx/framework/include/touchgfx/Callback.hpp:424:8:touchgfx::Callback<FrontendApplicationBase>::~Callback()	0	static
../../Middlewares/ST/touchgfx/framework/include/touchgfx/Callback.hpp:449:18:void touchgfx::Callback<dest_type, void, void, void>::execute() [with dest_type = FrontendApplicationBase]	4	static
../../Middlewares/ST/touchgfx/framework/include/touchgfx/Callback.hpp:459:18:bool touchgfx::Callback<dest_type, void, void, void>::isValid() const [with dest_type = FrontendApplicationBase]	0	static
../../Middlewares/ST/touchgfx/framework/include/touchgfx/transitions/BlockTransition.hpp:32:7:virtual touchgfx::BlockTransition::~BlockTransition()	8	static
../../Middlewares/ST/touchgfx/framework/include/touchgfx/transitions/NoTransition.hpp:31:7:virtual touchgfx::NoTransition::~NoTransition()	8	static
../../Middlewares/ST/touchgfx/framework/include/touchgfx/Callback.hpp:424:8:virtual touchgfx::Callback<FrontendApplicationBase>::~Callback()	8	static
../../Middlewares/ST/touchgfx/framework/include/mvp/MVPApplication.hpp:43:7:virtual touchgfx::MVPApplication::~MVPApplication()	8	static
../../TouchGFX/generated/gui_generated/include/gui_generated/common/FrontendApplicationBase.hpp:16:13:virtual FrontendApplicationBase::~FrontendApplicationBase()	8	static
../../Middlewares/ST/touchgfx/framework/include/touchgfx/transitions/BlockTransition.hpp:64:18:virtual void touchgfx::BlockTransition::handleTickEvent()	216	static
../../Middlewares/ST/touchgfx/framework/include/touchgfx/transitions/Transition.hpp:89:18:virtual void touchgfx::Transition::invalidate()	8	static
../../Middlewares/ST/touchgfx/framework/include/mvp/MVPApplication.hpp:59:18:virtual void touchgfx::MVPApplication::handlePendingScreenTransition()	8	static
D:/NMT/Spring2023/EE481_capstone/STM_disco/LANL_Neutron_DSP/TouchGFX/generated/gui_generated/src/common/FrontendApplicationBase.cpp:59:6:void FrontendApplicationBase::gotoMenuScreenBlockTransitionImpl()	32	static
D:/NMT/Spring2023/EE481_capstone/STM_disco/LANL_Neutron_DSP/TouchGFX/generated/gui_generated/src/common/FrontendApplicationBase.cpp:23:1:FrontendApplicationBase::FrontendApplicationBase(Model&, FrontendHeap&)	24	static
D:/NMT/Spring2023/EE481_capstone/STM_disco/LANL_Neutron_DSP/TouchGFX/generated/gui_generated/src/common/FrontendApplicationBase.cpp:40:6:void FrontendApplicationBase::gotoStartupScreenNoTransition()	0	static
D:/NMT/Spring2023/EE481_capstone/STM_disco/LANL_Neutron_DSP/TouchGFX/generated/gui_generated/src/common/FrontendApplicationBase.cpp:53:6:void FrontendApplicationBase::gotoMenuScreenBlockTransition()	0	static
D:/NMT/Spring2023/EE481_capstone/STM_disco/LANL_Neutron_DSP/TouchGFX/generated/gui_generated/src/common/FrontendApplicationBase.cpp:64:6:void FrontendApplicationBase::gotoMenuScreenNoTransition()	0	static
D:/NMT/Spring2023/EE481_capstone/STM_disco/LANL_Neutron_DSP/TouchGFX/generated/gui_generated/src/common/FrontendApplicationBase.cpp:77:6:void FrontendApplicationBase::gotoPulseSpectrumScreenNoTransition()	0	static
D:/NMT/Spring2023/EE481_capstone/STM_disco/LANL_Neutron_DSP/TouchGFX/generated/gui_generated/src/common/FrontendApplicationBase.cpp:90:6:void FrontendApplicationBase::gotopwmSetupScreenNoTransition()	0	static
../../Middlewares/ST/touchgfx/framework/include/common/AbstractPartition.hpp:135:8:T& touchgfx::AbstractPartition::at(uint16_t) [with T = touchgfx::NoTransition]	0	static
D:/NMT/Spring2023/EE481_capstone/STM_disco/LANL_Neutron_DSP/TouchGFX/generated/gui_generated/src/common/FrontendApplicationBase.cpp:96:6:void FrontendApplicationBase::gotopwmSetupScreenNoTransitionImpl()	40	static
D:/NMT/Spring2023/EE481_capstone/STM_disco/LANL_Neutron_DSP/TouchGFX/generated/gui_generated/src/common/FrontendApplicationBase.cpp:83:6:void FrontendApplicationBase::gotoPulseSpectrumScreenNoTransitionImpl()	40	static
D:/NMT/Spring2023/EE481_capstone/STM_disco/LANL_Neutron_DSP/TouchGFX/generated/gui_generated/src/common/FrontendApplicationBase.cpp:70:6:void FrontendApplicationBase::gotoMenuScreenNoTransitionImpl()	40	static
D:/NMT/Spring2023/EE481_capstone/STM_disco/LANL_Neutron_DSP/TouchGFX/generated/gui_generated/src/common/FrontendApplicationBase.cpp:46:6:void FrontendApplicationBase::gotoStartupScreenNoTransitionImpl()	40	static
