../../Middlewares/ST/touchgfx/framework/include/touchgfx/Drawable.hpp:147:23:virtual touchgfx::Drawable* touchgfx::Drawable::getFirstChild()	0	static
../../Middlewares/ST/touchgfx/framework/include/touchgfx/Drawable.hpp:315:18:virtual void touchgfx::Drawable::setX(int16_t)	0	static
../../Middlewares/ST/touchgfx/framework/include/touchgfx/Drawable.hpp:327:18:virtual void touchgfx::Drawable::setY(int16_t)	0	static
../../Middlewares/ST/touchgfx/framework/include/touchgfx/Drawable.hpp:356:18:virtual void touchgfx::Drawable::setWidth(int16_t)	0	static
../../Middlewares/ST/touchgfx/framework/include/touchgfx/Drawable.hpp:368:18:virtual void touchgfx::Drawable::setHeight(int16_t)	0	static
../../Middlewares/ST/touchgfx/framework/include/touchgfx/Drawable.hpp:378:18:virtual void touchgfx::Drawable::childGeometryChanged()	0	static
../../Middlewares/ST/touchgfx/framework/include/touchgfx/Drawable.hpp:389:18:virtual void touchgfx::Drawable::handleClickEvent(const touchgfx::ClickEvent&)	0	static
../../Middlewares/ST/touchgfx/framework/include/touchgfx/Drawable.hpp:401:18:virtual void touchgfx::Drawable::handleGestureEvent(const touchgfx::GestureEvent&)	0	static
../../Middlewares/ST/touchgfx/framework/include/touchgfx/Drawable.hpp:490:18:virtual void touchgfx::Drawable::handleDragEvent(const touchgfx::DragEvent&)	0	static
../../Middlewares/ST/touchgfx/framework/include/touchgfx/Drawable.hpp:501:18:virtual void touchgfx::Drawable::handleTickEvent()	0	static
../../Middlewares/ST/touchgfx/framework/include/touchgfx/Drawable.hpp:588:18:virtual void touchgfx::Drawable::moveTo(int16_t, int16_t)	4	static
../../Middlewares/ST/touchgfx/framework/include/touchgfx/Drawable.hpp:703:18:virtual void touchgfx::Drawable::setupDrawChain(const touchgfx::Rect&, touchgfx::Drawable**)	0	static
../../Middlewares/ST/touchgfx/framework/include/touchgfx/Screen.hpp:93:18:virtual void touchgfx::Screen::setupScreen()	0	static
../../Middlewares/ST/touchgfx/framework/include/touchgfx/Screen.hpp:104:18:virtual void touchgfx::Screen::afterTransition()	0	static
../../Middlewares/ST/touchgfx/framework/include/touchgfx/Screen.hpp:115:18:virtual void touchgfx::Screen::tearDownScreen()	0	static
../../Middlewares/ST/touchgfx/framework/include/touchgfx/Screen.hpp:144:18:virtual void touchgfx::Screen::handleTickEvent()	0	static
../../Middlewares/ST/touchgfx/framework/include/touchgfx/Screen.hpp:154:18:virtual void touchgfx::Screen::handleKeyEvent(uint8_t)	0	static
../../Middlewares/ST/touchgfx/framework/include/touchgfx/widgets/Widget.hpp:45:18:virtual void touchgfx::Widget::getLastChild(int16_t, int16_t, touchgfx::Drawable**)	0	static
../../Middlewares/ST/touchgfx/framework/include/touchgfx/TypedText.hpp:65:13:touchgfx::TypedText::~TypedText()	0	static
../../TouchGFX/generated/gui_generated/include/gui_generated/pwmsetup_screen/pwmSetupViewBase.hpp:25:18:virtual void pwmSetupViewBase::changePWMfreq(int)	0	static
../../TouchGFX/generated/gui_generated/include/gui_generated/pwmsetup_screen/pwmSetupViewBase.hpp:29:18:virtual void pwmSetupViewBase::pwmStart()	0	static
../../TouchGFX/generated/gui_generated/include/gui_generated/pwmsetup_screen/pwmSetupViewBase.hpp:33:18:virtual void pwmSetupViewBase::pwmStop()	0	static
../../Middlewares/ST/touchgfx/framework/include/mvp/View.hpp:36:7:touchgfx::View<pwmSetupPresenter>::~View()	0	static
D:/NMT/Spring2023/EE481_capstone/STM_disco/LANL_Neutron_DSP/TouchGFX/generated/gui_generated/src/pwmsetup_screen/pwmSetupViewBase.cpp:60:1:pwmSetupViewBase::~pwmSetupViewBase()	0	static
D:/NMT/Spring2023/EE481_capstone/STM_disco/LANL_Neutron_DSP/TouchGFX/generated/gui_generated/src/pwmsetup_screen/pwmSetupViewBase.cpp:65:6:virtual void pwmSetupViewBase::setupScreen()	0	static
../../Middlewares/ST/touchgfx/framework/include/touchgfx/Callback.hpp:290:8:touchgfx::Callback<pwmSetupViewBase, const touchgfx::Slider&, int>::~Callback()	0	static
../../Middlewares/ST/touchgfx/framework/include/touchgfx/Callback.hpp:357:8:touchgfx::Callback<pwmSetupViewBase, const touchgfx::AbstractButton&>::~Callback()	0	static
../../Middlewares/ST/touchgfx/framework/include/touchgfx/Callback.hpp:318:18:void touchgfx::Callback<dest_type, T1, T2, void>::execute(T1, T2) [with dest_type = pwmSetupViewBase; T1 = const touchgfx::Slider&; T2 = int]	12	static
../../Middlewares/ST/touchgfx/framework/include/touchgfx/Callback.hpp:328:18:bool touchgfx::Callback<dest_type, T1, T2, void>::isValid() const [with dest_type = pwmSetupViewBase; T1 = const touchgfx::Slider&; T2 = int]	0	static
../../Middlewares/ST/touchgfx/framework/include/touchgfx/Callback.hpp:386:18:void touchgfx::Callback<dest_type, T1, void, void>::execute(T1) [with dest_type = pwmSetupViewBase; T1 = const touchgfx::AbstractButton&]	8	static
../../Middlewares/ST/touchgfx/framework/include/touchgfx/Callback.hpp:396:18:bool touchgfx::Callback<dest_type, T1, void, void>::isValid() const [with dest_type = pwmSetupViewBase; T1 = const touchgfx::AbstractButton&]	0	static
../../Middlewares/ST/touchgfx/framework/include/touchgfx/TypedText.hpp:65:13:virtual touchgfx::TypedText::~TypedText()	8	static
../../Middlewares/ST/touchgfx/framework/include/touchgfx/Callback.hpp:357:8:virtual touchgfx::Callback<pwmSetupViewBase, const touchgfx::AbstractButton&>::~Callback()	8	static
../../Middlewares/ST/touchgfx/framework/include/touchgfx/Callback.hpp:290:8:virtual touchgfx::Callback<pwmSetupViewBase, const touchgfx::Slider&, int>::~Callback()	8	static
../../Middlewares/ST/touchgfx/framework/include/mvp/View.hpp:36:7:virtual touchgfx::View<pwmSetupPresenter>::~View()	8	static
D:/NMT/Spring2023/EE481_capstone/STM_disco/LANL_Neutron_DSP/TouchGFX/generated/gui_generated/src/pwmsetup_screen/pwmSetupViewBase.cpp:60:1:virtual pwmSetupViewBase::~pwmSetupViewBase()	8	static
../../Middlewares/ST/touchgfx/framework/include/touchgfx/Drawable.hpp:121:18:virtual void touchgfx::Drawable::invalidateContent() const	0	static
D:/NMT/Spring2023/EE481_capstone/STM_disco/LANL_Neutron_DSP/TouchGFX/generated/gui_generated/src/pwmsetup_screen/pwmSetupViewBase.cpp:95:6:void pwmSetupViewBase::sliderValueChangedCallbackHandler(const touchgfx::Slider&, int)	4	static
D:/NMT/Spring2023/EE481_capstone/STM_disco/LANL_Neutron_DSP/TouchGFX/generated/gui_generated/src/pwmsetup_screen/pwmSetupViewBase.cpp:70:6:void pwmSetupViewBase::buttonCallbackHandler(const touchgfx::AbstractButton&)	16	static
../../Middlewares/ST/touchgfx/framework/include/touchgfx/Drawable.hpp:343:10:void touchgfx::Drawable::setXY(int16_t, int16_t)	16	static
../../Middlewares/ST/touchgfx/framework/include/touchgfx/Drawable.hpp:233:10:void touchgfx::Drawable::setPosition(int16_t, int16_t, int16_t, int16_t)	16	static
../../Middlewares/ST/touchgfx/framework/include/touchgfx/widgets/Box.hpp:33:5:touchgfx::Box::Box()	0	static
../../Middlewares/ST/touchgfx/framework/include/touchgfx/widgets/ButtonWithLabel.hpp:132:10:void touchgfx::ButtonWithLabel::updateTextPosition()	24	static
D:/NMT/Spring2023/EE481_capstone/STM_disco/LANL_Neutron_DSP/TouchGFX/generated/gui_generated/src/pwmsetup_screen/pwmSetupViewBase.cpp:9:1:pwmSetupViewBase::pwmSetupViewBase()	96	static
