../../Middlewares/ST/touchgfx/framework/include/touchgfx/Font.hpp:200:30:virtual const touchgfx::GlyphNode* touchgfx::Font::getGlyph(touchgfx::Unicode::UnicodeChar) const	16	static
../../Middlewares/ST/touchgfx/framework/include/touchgfx/Font.hpp:219:34:virtual touchgfx::Unicode::UnicodeChar touchgfx::Font::getFallbackChar() const	0	static
../../Middlewares/ST/touchgfx/framework/include/touchgfx/Font.hpp:232:34:virtual touchgfx::Unicode::UnicodeChar touchgfx::Font::getEllipsisChar() const	0	static
../../Middlewares/ST/touchgfx/framework/include/touchgfx/Font.hpp:332:44:virtual uint16_t touchgfx::Font::getBaseline() const	0	static
../../Middlewares/ST/touchgfx/framework/include/touchgfx/Font.hpp:352:44:virtual uint16_t touchgfx::Font::getHeight() const	0	static
../../Middlewares/ST/touchgfx/framework/include/touchgfx/Font.hpp:383:43:virtual uint8_t touchgfx::Font::getBitsPerPixel() const	0	static
../../Middlewares/ST/touchgfx/framework/include/touchgfx/Font.hpp:393:43:virtual uint8_t touchgfx::Font::getByteAlignRow() const	0	static
../../Middlewares/ST/touchgfx/framework/include/touchgfx/Font.hpp:430:20:virtual int8_t touchgfx::Font::getKerning(touchgfx::Unicode::UnicodeChar, const touchgfx::GlyphNode*) const	0	static
../../Middlewares/ST/touchgfx/framework/include/touchgfx/Font.hpp:452:29:virtual const uint16_t* touchgfx::Font::getGSUBTable() const	0	static
../../Middlewares/ST/touchgfx/framework/include/touchgfx/Font.hpp:462:45:virtual const touchgfx::FontContextualFormsTable* touchgfx::Font::getContextualFormsTable() const	0	static
D:/NMT/Spring2023/EE481_capstone/STM_disco/LANL_Neutron_DSP/TouchGFX/generated/texts/src/Texts.cpp:13:10:) const	12	static
D:/NMT/Spring2023/EE481_capstone/STM_disco/LANL_Neutron_DSP/TouchGFX/generated/texts/src/Texts.cpp:22:10:) const	16	static
D:/NMT/Spring2023/EE481_capstone/STM_disco/LANL_Neutron_DSP/TouchGFX/generated/texts/src/Texts.cpp:31:32:touchgfx::Unicode::UnicodeChar touchgfx::TextProvider::getNextLigature(touchgfx::TextDirection)	8	static
D:/NMT/Spring2023/EE481_capstone/STM_disco/LANL_Neutron_DSP/TouchGFX/generated/texts/src/Texts.cpp:45:6:void touchgfx::TextProvider::initializeInternal()	0	static
D:/NMT/Spring2023/EE481_capstone/STM_disco/LANL_Neutron_DSP/TouchGFX/generated/texts/src/Texts.cpp:50:6:)	32	static
D:/NMT/Spring2023/EE481_capstone/STM_disco/LANL_Neutron_DSP/TouchGFX/generated/texts/src/Texts.cpp:96:6:static void touchgfx::Texts::setLanguage(touchgfx::LanguageId)	16	static
D:/NMT/Spring2023/EE481_capstone/STM_disco/LANL_Neutron_DSP/TouchGFX/generated/texts/src/Texts.cpp:126:6:static void touchgfx::Texts::setTranslation(touchgfx::LanguageId, const void*)	0	static
D:/NMT/Spring2023/EE481_capstone/STM_disco/LANL_Neutron_DSP/TouchGFX/generated/texts/src/Texts.cpp:131:39:const UnicodeChar* touchgfx::Texts::getText(touchgfx::TypedTextId) const	0	static
