../../Middlewares/ST/touchgfx/framework/include/touchgfx/Font.hpp:200:30:virtual const touchgfx::GlyphNode* touchgfx::Font::getGlyph(touchgfx::Unicode::UnicodeChar) const	16	static
../../Middlewares/ST/touchgfx/framework/include/touchgfx/Font.hpp:219:34:virtual touchgfx::Unicode::UnicodeChar touchgfx::Font::getFallbackChar() const	0	static
../../Middlewares/ST/touchgfx/framework/include/touchgfx/Font.hpp:232:34:virtual touchgfx::Unicode::UnicodeChar touchgfx::Font::getEllipsisChar() const	0	static
../../Middlewares/ST/touchgfx/framework/include/touchgfx/Font.hpp:332:44:virtual uint16_t touchgfx::Font::getBaseline() const	0	static
../../Middlewares/ST/touchgfx/framework/include/touchgfx/Font.hpp:352:44:virtual uint16_t touchgfx::Font::getHeight() const	0	static
../../Middlewares/ST/touchgfx/framework/include/touchgfx/Font.hpp:383:43:virtual uint8_t touchgfx::Font::getBitsPerPixel() const	0	static
../../Middlewares/ST/touchgfx/framework/include/touchgfx/Font.hpp:393:43:virtual uint8_t touchgfx::Font::getByteAlignRow() const	0	static
../../TouchGFX/generated/fonts/include/fonts/UnmappedDataFont.hpp:90:29:virtual const uint16_t* touchgfx::UnmappedDataFont::getGSUBTable() const	0	static
../../TouchGFX/generated/fonts/include/fonts/UnmappedDataFont.hpp:100:45:virtual const touchgfx::FontContextualFormsTable* touchgfx::UnmappedDataFont::getContextualFormsTable() const	0	static
D:/NMT/Spring2023/EE481_capstone/STM_disco/LANL_Neutron_DSP/TouchGFX/generated/fonts/src/UnmappedDataFont.cpp:24:18:virtual const touchgfx::GlyphNode* touchgfx::UnmappedDataFont::getGlyph(touchgfx::Unicode::UnicodeChar, const uint8_t*&, uint8_t&) const	0	static
D:/NMT/Spring2023/EE481_capstone/STM_disco/LANL_Neutron_DSP/TouchGFX/generated/fonts/src/UnmappedDataFont.cpp:44:16:virtual const uint8_t* touchgfx::UnmappedDataFont::getPixelData(const touchgfx::GlyphNode*) const	0	static
D:/NMT/Spring2023/EE481_capstone/STM_disco/LANL_Neutron_DSP/TouchGFX/generated/fonts/src/UnmappedDataFont.cpp:50:8:virtual int8_t touchgfx::UnmappedDataFont::getKerning(touchgfx::Unicode::UnicodeChar, const touchgfx::GlyphNode*) const	8	static
../../TouchGFX/generated/fonts/include/fonts/UnmappedDataFont.hpp:19:7:touchgfx::UnmappedDataFont::~UnmappedDataFont()	0	static
../../TouchGFX/generated/fonts/include/fonts/UnmappedDataFont.hpp:19:7:virtual touchgfx::UnmappedDataFont::~UnmappedDataFont()	8	static
D:/NMT/Spring2023/EE481_capstone/STM_disco/LANL_Neutron_DSP/TouchGFX/generated/fonts/src/UnmappedDataFont.cpp:12:1:touchgfx::UnmappedDataFont::UnmappedDataFont(const touchgfx::GlyphNode*, const uint16_t*, uint16_t, uint16_t, uint16_t, uint8_t, uint8_t, uint8_t, uint8_t, uint8_t, uint8_t, const uint8_t* const*, const touchgfx::KerningNode*, touchgfx::Unicode::UnicodeChar, touchgfx::Unicode::UnicodeChar, const uint16_t*, const touchgfx::FontContextualFormsTable*)	16	static
D:/NMT/Spring2023/EE481_capstone/STM_disco/LANL_Neutron_DSP/TouchGFX/generated/fonts/src/UnmappedDataFont.cpp:72:5:int touchgfx::UnmappedDataFont::lookupUnicode(uint16_t) const	16	static
