D:/NMT/Spring2023/EE481_capstone/STM_disco/LANL_Neutron_DSP/Core/Src/main.c:261:6:SystemClock_Config	96	static
D:/NMT/Spring2023/EE481_capstone/STM_disco/LANL_Neutron_DSP/Core/Src/main.c:170:5:main	248	static
D:/NMT/Spring2023/EE481_capstone/STM_disco/LANL_Neutron_DSP/Core/Src/main.c:951:6:HAL_GPIO_EXTI_Callback	24	static
D:/NMT/Spring2023/EE481_capstone/STM_disco/LANL_Neutron_DSP/Core/Src/main.c:997:8:SmoothedTrapezoidalFilter	40	static
D:/NMT/Spring2023/EE481_capstone/STM_disco/LANL_Neutron_DSP/Core/Src/main.c:1053:8:PeakDetector	32	static
D:/NMT/Spring2023/EE481_capstone/STM_disco/LANL_Neutron_DSP/Core/Src/main.c:1090:6:CleanBuffers	8	static
D:/NMT/Spring2023/EE481_capstone/STM_disco/LANL_Neutron_DSP/Core/Src/main.c:897:6:dsp_Task	40	static
D:/NMT/Spring2023/EE481_capstone/STM_disco/LANL_Neutron_DSP/Core/Src/main.c:1121:6:StartDefaultTask	8	static
D:/NMT/Spring2023/EE481_capstone/STM_disco/LANL_Neutron_DSP/Core/Src/main.c:1140:6:HAL_TIM_PeriodElapsedCallback	0	static
D:/NMT/Spring2023/EE481_capstone/STM_disco/LANL_Neutron_DSP/Core/Src/main.c:1157:6:Error_Handler	0	static
