D:/NMT/Spring2023/EE481_capstone/STM_disco/LANL_Neutron_DSP/Core/Src/stm32f4xx_hal_msp.c:66:6:HAL_MspInit	8	static
D:/NMT/Spring2023/EE481_capstone/STM_disco/LANL_Neutron_DSP/Core/Src/stm32f4xx_hal_msp.c:90:6:HAL_CRC_MspInit	8	static
D:/NMT/Spring2023/EE481_capstone/STM_disco/LANL_Neutron_DSP/Core/Src/stm32f4xx_hal_msp.c:112:6:HAL_CRC_MspDeInit	0	static
D:/NMT/Spring2023/EE481_capstone/STM_disco/LANL_Neutron_DSP/Core/Src/stm32f4xx_hal_msp.c:134:6:HAL_DMA2D_MspInit	16	static
D:/NMT/Spring2023/EE481_capstone/STM_disco/LANL_Neutron_DSP/Core/Src/stm32f4xx_hal_msp.c:159:6:HAL_DMA2D_MspDeInit	0	static
D:/NMT/Spring2023/EE481_capstone/STM_disco/LANL_Neutron_DSP/Core/Src/stm32f4xx_hal_msp.c:184:6:HAL_DSI_MspInit	40	static
D:/NMT/Spring2023/EE481_capstone/STM_disco/LANL_Neutron_DSP/Core/Src/stm32f4xx_hal_msp.c:222:6:HAL_DSI_MspDeInit	8	static
D:/NMT/Spring2023/EE481_capstone/STM_disco/LANL_Neutron_DSP/Core/Src/stm32f4xx_hal_msp.c:252:6:HAL_I2C_MspInit	48	static
D:/NMT/Spring2023/EE481_capstone/STM_disco/LANL_Neutron_DSP/Core/Src/stm32f4xx_hal_msp.c:288:6:HAL_I2C_MspDeInit	8	static
D:/NMT/Spring2023/EE481_capstone/STM_disco/LANL_Neutron_DSP/Core/Src/stm32f4xx_hal_msp.c:319:6:HAL_LTDC_MspInit	72	static
D:/NMT/Spring2023/EE481_capstone/STM_disco/LANL_Neutron_DSP/Core/Src/stm32f4xx_hal_msp.c:357:6:HAL_LTDC_MspDeInit	0	static
D:/NMT/Spring2023/EE481_capstone/STM_disco/LANL_Neutron_DSP/Core/Src/stm32f4xx_hal_msp.c:382:6:HAL_QSPI_MspInit	56	static
D:/NMT/Spring2023/EE481_capstone/STM_disco/LANL_Neutron_DSP/Core/Src/stm32f4xx_hal_msp.c:437:6:HAL_QSPI_MspDeInit	8	static
D:/NMT/Spring2023/EE481_capstone/STM_disco/LANL_Neutron_DSP/Core/Src/stm32f4xx_hal_msp.c:473:6:HAL_TIM_PWM_MspInit	8	static
D:/NMT/Spring2023/EE481_capstone/STM_disco/LANL_Neutron_DSP/Core/Src/stm32f4xx_hal_msp.c:495:6:HAL_TIM_Base_MspInit	8	static
D:/NMT/Spring2023/EE481_capstone/STM_disco/LANL_Neutron_DSP/Core/Src/stm32f4xx_hal_msp.c:511:6:HAL_TIM_MspPostInit	40	static
D:/NMT/Spring2023/EE481_capstone/STM_disco/LANL_Neutron_DSP/Core/Src/stm32f4xx_hal_msp.c:563:6:HAL_TIM_PWM_MspDeInit	0	static
D:/NMT/Spring2023/EE481_capstone/STM_disco/LANL_Neutron_DSP/Core/Src/stm32f4xx_hal_msp.c:585:6:HAL_TIM_Base_MspDeInit	0	static
D:/NMT/Spring2023/EE481_capstone/STM_disco/LANL_Neutron_DSP/Core/Src/stm32f4xx_hal_msp.c:737:6:HAL_SDRAM_MspInit	48	static
D:/NMT/Spring2023/EE481_capstone/STM_disco/LANL_Neutron_DSP/Core/Src/stm32f4xx_hal_msp.c:846:6:HAL_SDRAM_MspDeInit	8	static
