../../TouchGFX/gui/include/gui/pulsespectrum_screen/PulseSpectrumPresenter.hpp:32:13:PulseSpectrumPresenter::~PulseSpectrumPresenter()	0	static
D:/NMT/Spring2023/EE481_capstone/STM_disco/LANL_Neutron_DSP/TouchGFX/gui/src/pulsespectrum_screen/PulseSpectrumPresenter.cpp:16:6:virtual void PulseSpectrumPresenter::activate()	0	static
D:/NMT/Spring2023/EE481_capstone/STM_disco/LANL_Neutron_DSP/TouchGFX/gui/src/pulsespectrum_screen/PulseSpectrumPresenter.cpp:32:6:virtual void PulseSpectrumPresenter::clearGraph()	0	static
../../TouchGFX/gui/include/gui/pulsespectrum_screen/PulseSpectrumPresenter.hpp:32:13:virtual PulseSpectrumPresenter::~PulseSpectrumPresenter()	8	static
D:/NMT/Spring2023/EE481_capstone/STM_disco/LANL_Neutron_DSP/TouchGFX/gui/src/pulsespectrum_screen/PulseSpectrumPresenter.cpp:27:6:virtual void PulseSpectrumPresenter::UpdateGraph(uint16_t)	0	static
../../TouchGFX/gui/include/gui/pulsespectrum_screen/PulseSpectrumPresenter.hpp:32:13:virtual void* PulseSpectrumPresenter::_ZThn4_N22PulseSpectrumPresenterD1Ev()	0	static
D:/NMT/Spring2023/EE481_capstone/STM_disco/LANL_Neutron_DSP/TouchGFX/gui/src/pulsespectrum_screen/PulseSpectrumPresenter.cpp:10:1:PulseSpectrumPresenter::PulseSpectrumPresenter(PulseSpectrumView&)	8	static
