../../Middlewares/ST/touchgfx/framework/include/touchgfx/Screen.hpp:104:18:virtual void touchgfx::Screen::afterTransition()	0	static
../../Middlewares/ST/touchgfx/framework/include/touchgfx/Screen.hpp:144:18:virtual void touchgfx::Screen::handleTickEvent()	0	static
../../Middlewares/ST/touchgfx/framework/include/touchgfx/Screen.hpp:154:18:virtual void touchgfx::Screen::handleKeyEvent(uint8_t)	0	static
D:/NMT/Spring2023/EE481_capstone/STM_disco/LANL_Neutron_DSP/TouchGFX/gui/src/pulsespectrum_screen/PulseSpectrumView.cpp:23:6:virtual void PulseSpectrumView::tearDownScreen()	0	static
../../TouchGFX/gui/include/gui/pulsespectrum_screen/PulseSpectrumView.hpp:11:13:PulseSpectrumView::~PulseSpectrumView()	8	static
../../TouchGFX/gui/include/gui/pulsespectrum_screen/PulseSpectrumView.hpp:11:13:virtual PulseSpectrumView::~PulseSpectrumView()	8	static
D:/NMT/Spring2023/EE481_capstone/STM_disco/LANL_Neutron_DSP/TouchGFX/gui/src/pulsespectrum_screen/PulseSpectrumView.cpp:8:1:PulseSpectrumView::PulseSpectrumView()	8	static
D:/NMT/Spring2023/EE481_capstone/STM_disco/LANL_Neutron_DSP/TouchGFX/gui/src/pulsespectrum_screen/PulseSpectrumView.cpp:18:6:virtual void PulseSpectrumView::setupScreen()	0	static
D:/NMT/Spring2023/EE481_capstone/STM_disco/LANL_Neutron_DSP/TouchGFX/gui/src/pulsespectrum_screen/PulseSpectrumView.cpp:39:6:virtual void PulseSpectrumView::clearGraph()	24	static
D:/NMT/Spring2023/EE481_capstone/STM_disco/LANL_Neutron_DSP/TouchGFX/gui/src/pulsespectrum_screen/PulseSpectrumView.cpp:28:6:void PulseSpectrumView::UpdateGraph(uint16_t)	16	static
