../../TouchGFX/gui/include/gui/model/ModelListener.hpp:19:18:virtual void ModelListener::UpdateGraph(uint16_t)	0	static
../../TouchGFX/gui/include/gui/pwmsetup_screen/pwmSetupPresenter.hpp:28:13:pwmSetupPresenter::~pwmSetupPresenter()	0	static
D:/NMT/Spring2023/EE481_capstone/STM_disco/LANL_Neutron_DSP/TouchGFX/gui/src/pwmsetup_screen/pwmSetupPresenter.cpp:11:6:virtual void pwmSetupPresenter::activate()	0	static
../../TouchGFX/gui/include/gui/pwmsetup_screen/pwmSetupPresenter.hpp:28:13:virtual pwmSetupPresenter::~pwmSetupPresenter()	8	static
../../TouchGFX/gui/include/gui/pwmsetup_screen/pwmSetupPresenter.hpp:28:13:virtual void* pwmSetupPresenter::_ZThn4_N17pwmSetupPresenterD1Ev()	0	static
D:/NMT/Spring2023/EE481_capstone/STM_disco/LANL_Neutron_DSP/TouchGFX/gui/src/pwmsetup_screen/pwmSetupPresenter.cpp:5:1:pwmSetupPresenter::pwmSetupPresenter(pwmSetupView&)	8	static
D:/NMT/Spring2023/EE481_capstone/STM_disco/LANL_Neutron_DSP/TouchGFX/gui/src/pwmsetup_screen/pwmSetupPresenter.cpp:21:6:void pwmSetupPresenter::changePWMfreq(int)	0	static
D:/NMT/Spring2023/EE481_capstone/STM_disco/LANL_Neutron_DSP/TouchGFX/gui/src/pwmsetup_screen/pwmSetupPresenter.cpp:25:6:void pwmSetupPresenter::pwmStart()	0	static
D:/NMT/Spring2023/EE481_capstone/STM_disco/LANL_Neutron_DSP/TouchGFX/gui/src/pwmsetup_screen/pwmSetupPresenter.cpp:29:6:void pwmSetupPresenter::pwmStop()	0	static
