../../Middlewares/ST/touchgfx/framework/include/touchgfx/Screen.hpp:104:18:virtual void touchgfx::Screen::afterTransition()	0	static
../../Middlewares/ST/touchgfx/framework/include/touchgfx/Screen.hpp:144:18:virtual void touchgfx::Screen::handleTickEvent()	0	static
../../Middlewares/ST/touchgfx/framework/include/touchgfx/Screen.hpp:154:18:virtual void touchgfx::Screen::handleKeyEvent(uint8_t)	0	static
D:/NMT/Spring2023/EE481_capstone/STM_disco/LANL_Neutron_DSP/TouchGFX/gui/src/pwmsetup_screen/pwmSetupView.cpp:13:6:virtual void pwmSetupView::tearDownScreen()	0	static
D:/NMT/Spring2023/EE481_capstone/STM_disco/LANL_Neutron_DSP/TouchGFX/gui/src/pwmsetup_screen/pwmSetupView.cpp:18:6:virtual void pwmSetupView::changePWMfreq(int)	0	static
D:/NMT/Spring2023/EE481_capstone/STM_disco/LANL_Neutron_DSP/TouchGFX/gui/src/pwmsetup_screen/pwmSetupView.cpp:23:6:virtual void pwmSetupView::pwmStart()	0	static
D:/NMT/Spring2023/EE481_capstone/STM_disco/LANL_Neutron_DSP/TouchGFX/gui/src/pwmsetup_screen/pwmSetupView.cpp:27:6:virtual void pwmSetupView::pwmStop()	0	static
../../TouchGFX/gui/include/gui/pwmsetup_screen/pwmSetupView.hpp:11:13:pwmSetupView::~pwmSetupView()	8	static
../../TouchGFX/gui/include/gui/pwmsetup_screen/pwmSetupView.hpp:11:13:virtual pwmSetupView::~pwmSetupView()	8	static
D:/NMT/Spring2023/EE481_capstone/STM_disco/LANL_Neutron_DSP/TouchGFX/gui/src/pwmsetup_screen/pwmSetupView.cpp:3:1:pwmSetupView::pwmSetupView()	8	static
D:/NMT/Spring2023/EE481_capstone/STM_disco/LANL_Neutron_DSP/TouchGFX/gui/src/pwmsetup_screen/pwmSetupView.cpp:8:6:virtual void pwmSetupView::setupScreen()	0	static
