../../Middlewares/ST/touchgfx/framework/include/touchgfx/Screen.hpp:104:18:virtual void touchgfx::Screen::afterTransition()	0	static
../../Middlewares/ST/touchgfx/framework/include/touchgfx/Screen.hpp:154:18:virtual void touchgfx::Screen::handleKeyEvent(uint8_t)	0	static
D:/NMT/Spring2023/EE481_capstone/STM_disco/LANL_Neutron_DSP/TouchGFX/gui/src/startup_screen/StartupView.cpp:13:6:virtual void StartupView::tearDownScreen()	0	static
../../TouchGFX/gui/include/gui/startup_screen/StartupView.hpp:11:13:StartupView::~StartupView()	8	static
../../TouchGFX/gui/include/gui/startup_screen/StartupView.hpp:11:13:virtual StartupView::~StartupView()	8	static
D:/NMT/Spring2023/EE481_capstone/STM_disco/LANL_Neutron_DSP/TouchGFX/gui/src/startup_screen/StartupView.cpp:3:1:StartupView::StartupView()	8	static
D:/NMT/Spring2023/EE481_capstone/STM_disco/LANL_Neutron_DSP/TouchGFX/gui/src/startup_screen/StartupView.cpp:8:6:virtual void StartupView::setupScreen()	0	static
