../../TouchGFX/gui/include/gui/model/ModelListener.hpp:19:18:virtual void ModelListener::UpdateGraph(uint16_t)	0	static
../../TouchGFX/gui/include/gui/startup_screen/StartupPresenter.hpp:28:13:StartupPresenter::~StartupPresenter()	0	static
D:/NMT/Spring2023/EE481_capstone/STM_disco/LANL_Neutron_DSP/TouchGFX/gui/src/startup_screen/StartupPresenter.cpp:10:6:virtual void StartupPresenter::activate()	0	static
../../TouchGFX/gui/include/gui/startup_screen/StartupPresenter.hpp:28:13:virtual StartupPresenter::~StartupPresenter()	8	static
../../TouchGFX/gui/include/gui/startup_screen/StartupPresenter.hpp:28:13:virtual void* StartupPresenter::_ZThn4_N16StartupPresenterD1Ev()	0	static
D:/NMT/Spring2023/EE481_capstone/STM_disco/LANL_Neutron_DSP/TouchGFX/gui/src/startup_screen/StartupPresenter.cpp:4:1:StartupPresenter::StartupPresenter(StartupView&)	8	static
