../../Middlewares/ST/touchgfx/framework/include/platform/driver/button/ButtonController.hpp:48:18:virtual void touchgfx::ButtonController::reset()	0	static
D:/NMT/Spring2023/EE481_capstone/STM_disco/LANL_Neutron_DSP/TouchGFX/target/KeySampler.hpp:53:13:touchgfx::KeySampler::~KeySampler()	0	static
D:/NMT/Spring2023/EE481_capstone/STM_disco/LANL_Neutron_DSP/TouchGFX/target/KeySampler.cpp:47:6:virtual void touchgfx::KeySampler::init()	8	static
D:/NMT/Spring2023/EE481_capstone/STM_disco/LANL_Neutron_DSP/TouchGFX/target/KeySampler.cpp:54:6:virtual bool touchgfx::KeySampler::sample(uint8_t&)	16	static
D:/NMT/Spring2023/EE481_capstone/STM_disco/LANL_Neutron_DSP/TouchGFX/target/KeySampler.hpp:53:13:virtual touchgfx::KeySampler::~KeySampler()	8	static
