../../Middlewares/ST/touchgfx/framework/include/touchgfx/hal/HAL.hpp:124:18:virtual void touchgfx::HAL::setDisplayOrientation(touchgfx::DisplayOrientation)	0	static
../../Middlewares/ST/touchgfx/framework/include/touchgfx/hal/HAL.hpp:670:18:virtual bool touchgfx::HAL::sampleKey(uint8_t&)	0	static
../../Middlewares/ST/touchgfx/framework/include/touchgfx/hal/HAL.hpp:737:18:virtual void touchgfx::HAL::setAnimationStorage(void*)	0	static
../../Middlewares/ST/touchgfx/framework/include/touchgfx/hal/HAL.hpp:876:30:virtual touchgfx::FlashDataReader* touchgfx::HAL::getFlashDataReader() const	0	static
../../Middlewares/ST/touchgfx/framework/include/touchgfx/hal/HAL.hpp:1025:18:virtual void touchgfx::HAL::taskDelay(uint16_t)	0	static
../../Middlewares/ST/touchgfx/framework/include/touchgfx/hal/HAL.hpp:1052:22:virtual uint16_t touchgfx::HAL::getTFTCurrentLine()	0	static
../../Middlewares/ST/touchgfx/framework/include/touchgfx/hal/HAL.hpp:1063:21:virtual touchgfx::DMAType touchgfx::HAL::getDMAType()	0	static
../../Middlewares/ST/touchgfx/framework/include/touchgfx/hal/HAL.hpp:1189:18:virtual void touchgfx::HAL::InvalidateCache()	0	static
../../Middlewares/ST/touchgfx/framework/include/touchgfx/hal/HAL.hpp:1199:18:virtual void touchgfx::HAL::FlushCache()	0	static
D:/NMT/Spring2023/EE481_capstone/STM_disco/LANL_Neutron_DSP/TouchGFX/target/TouchGFXHAL.cpp:126:11:virtual uint16_t* TouchGFXHAL::getTFTFrameBuffer() const	0	static
../../TouchGFX/target/TouchGFXHAL.hpp:34:7:TouchGFXHAL::~TouchGFXHAL()	0	static
D:/NMT/Spring2023/EE481_capstone/STM_disco/LANL_Neutron_DSP/TouchGFX/target/TouchGFXHAL.cpp:82:6:virtual void TouchGFXHAL::initialize()	16	static
D:/NMT/Spring2023/EE481_capstone/STM_disco/LANL_Neutron_DSP/TouchGFX/target/TouchGFXHAL.cpp:103:6:virtual void TouchGFXHAL::taskEntry()	16	static
../../Middlewares/ST/touchgfx/framework/include/touchgfx/hal/HAL.hpp:638:18:virtual void touchgfx::HAL::backPorchExited()	8	static
D:/NMT/Spring2023/EE481_capstone/STM_disco/LANL_Neutron_DSP/TouchGFX/target/TouchGFXHAL.cpp:141:6:virtual void TouchGFXHAL::setTFTFrameBuffer(uint16_t*)	0	static
D:/NMT/Spring2023/EE481_capstone/STM_disco/LANL_Neutron_DSP/TouchGFX/target/TouchGFXHAL.cpp:158:6:virtual void TouchGFXHAL::flushFrameBuffer(const touchgfx::Rect&)	0	static
D:/NMT/Spring2023/EE481_capstone/STM_disco/LANL_Neutron_DSP/TouchGFX/target/TouchGFXHAL.cpp:170:6:virtual bool TouchGFXHAL::blockCopy(void*, const void*, uint32_t)	0	static
D:/NMT/Spring2023/EE481_capstone/STM_disco/LANL_Neutron_DSP/TouchGFX/target/TouchGFXHAL.cpp:179:6:virtual void TouchGFXHAL::configureInterrupts()	0	static
D:/NMT/Spring2023/EE481_capstone/STM_disco/LANL_Neutron_DSP/TouchGFX/target/TouchGFXHAL.cpp:192:6:virtual void TouchGFXHAL::enableInterrupts()	0	static
D:/NMT/Spring2023/EE481_capstone/STM_disco/LANL_Neutron_DSP/TouchGFX/target/TouchGFXHAL.cpp:205:6:virtual void TouchGFXHAL::disableInterrupts()	0	static
D:/NMT/Spring2023/EE481_capstone/STM_disco/LANL_Neutron_DSP/TouchGFX/target/TouchGFXHAL.cpp:236:6:virtual bool TouchGFXHAL::beginFrame()	0	static
D:/NMT/Spring2023/EE481_capstone/STM_disco/LANL_Neutron_DSP/TouchGFX/target/TouchGFXHAL.cpp:242:6:virtual void TouchGFXHAL::endFrame()	8	static
../../TouchGFX/target/TouchGFXHAL.hpp:102:18:virtual void TouchGFXHAL::flushFrameBuffer()	0	static
../../TouchGFX/target/TouchGFXHAL.hpp:34:7:virtual TouchGFXHAL::~TouchGFXHAL()	8	static
../../Middlewares/ST/touchgfx/framework/include/touchgfx/hal/HAL.hpp:320:28:virtual touchgfx::BlitOperations touchgfx::HAL::getBlitCaps()	0	static
../../Middlewares/ST/touchgfx/framework/include/touchgfx/hal/HAL.hpp:1162:18:virtual void touchgfx::HAL::performDisplayOrientationChange()	8	static
../../Middlewares/ST/touchgfx/framework/include/touchgfx/hal/HAL.hpp:156:18:virtual void touchgfx::HAL::setFrameBufferSize(uint16_t, uint16_t)	8	static
D:/NMT/Spring2023/EE481_capstone/STM_disco/LANL_Neutron_DSP/TouchGFX/target/TouchGFXHAL.cpp:230:6:virtual void TouchGFXHAL::setFrameBufferStartAddresses(void*, void*, void*)	16	static
D:/NMT/Spring2023/EE481_capstone/STM_disco/LANL_Neutron_DSP/TouchGFX/target/TouchGFXHAL.cpp:261:10:void DSI_IO_WriteCmd(uint32_t, uint8_t*)	16	static
D:/NMT/Spring2023/EE481_capstone/STM_disco/LANL_Neutron_DSP/TouchGFX/target/TouchGFXHAL.cpp:276:10:void LCD_ReqTear()	24	static
D:/NMT/Spring2023/EE481_capstone/STM_disco/LANL_Neutron_DSP/TouchGFX/target/TouchGFXHAL.cpp:219:6:virtual void TouchGFXHAL::enableLCDControllerInterrupt()	16	static
D:/NMT/Spring2023/EE481_capstone/STM_disco/LANL_Neutron_DSP/TouchGFX/target/TouchGFXHAL.cpp:289:10:void LCD_SetUpdateRegion(int)	16	static
D:/NMT/Spring2023/EE481_capstone/STM_disco/LANL_Neutron_DSP/TouchGFX/target/TouchGFXHAL.cpp:294:10:void LCD_SetUpdateRegionLeft()	16	static
D:/NMT/Spring2023/EE481_capstone/STM_disco/LANL_Neutron_DSP/TouchGFX/target/TouchGFXHAL.cpp:299:10:void LCD_SetUpdateRegionRight()	16	static
D:/NMT/Spring2023/EE481_capstone/STM_disco/LANL_Neutron_DSP/TouchGFX/target/TouchGFXHAL.cpp:304:10:void HAL_DSI_TearingEffectCallback(DSI_HandleTypeDef*)	16	static
D:/NMT/Spring2023/EE481_capstone/STM_disco/LANL_Neutron_DSP/TouchGFX/target/TouchGFXHAL.cpp:340:10:void HAL_DSI_EndOfRefreshCallback(DSI_HandleTypeDef*)	16	static
D:/NMT/Spring2023/EE481_capstone/STM_disco/LANL_Neutron_DSP/TouchGFX/target/TouchGFXHAL.cpp:392:19:long int IdleTaskHook(void*)	8	static
D:/NMT/Spring2023/EE481_capstone/STM_disco/LANL_Neutron_DSP/TouchGFX/target/TouchGFXHAL.cpp:404:1:cpp)	0	static
