../../Middlewares/ST/touchgfx/framework/include/touchgfx/Drawable.hpp:147:23:virtual touchgfx::Drawable* touchgfx::Drawable::getFirstChild()	0	static
../../Middlewares/ST/touchgfx/framework/include/touchgfx/Drawable.hpp:315:18:virtual void touchgfx::Drawable::setX(int16_t)	0	static
../../Middlewares/ST/touchgfx/framework/include/touchgfx/Drawable.hpp:327:18:virtual void touchgfx::Drawable::setY(int16_t)	0	static
../../Middlewares/ST/touchgfx/framework/include/touchgfx/Drawable.hpp:356:18:virtual void touchgfx::Drawable::setWidth(int16_t)	0	static
../../Middlewares/ST/touchgfx/framework/include/touchgfx/Drawable.hpp:368:18:virtual void touchgfx::Drawable::setHeight(int16_t)	0	static
../../Middlewares/ST/touchgfx/framework/include/touchgfx/Drawable.hpp:378:18:virtual void touchgfx::Drawable::childGeometryChanged()	0	static
../../Middlewares/ST/touchgfx/framework/include/touchgfx/Drawable.hpp:389:18:virtual void touchgfx::Drawable::handleClickEvent(const touchgfx::ClickEvent&)	0	static
../../Middlewares/ST/touchgfx/framework/include/touchgfx/Drawable.hpp:401:18:virtual void touchgfx::Drawable::handleGestureEvent(const touchgfx::GestureEvent&)	0	static
../../Middlewares/ST/touchgfx/framework/include/touchgfx/Drawable.hpp:490:18:virtual void touchgfx::Drawable::handleDragEvent(const touchgfx::DragEvent&)	0	static
../../Middlewares/ST/touchgfx/framework/include/touchgfx/Drawable.hpp:501:18:virtual void touchgfx::Drawable::handleTickEvent()	0	static
../../Middlewares/ST/touchgfx/framework/include/touchgfx/Drawable.hpp:588:18:virtual void touchgfx::Drawable::moveTo(int16_t, int16_t)	4	static
../../Middlewares/ST/touchgfx/framework/include/touchgfx/Drawable.hpp:703:18:virtual void touchgfx::Drawable::setupDrawChain(const touchgfx::Rect&, touchgfx::Drawable**)	0	static
../../Middlewares/ST/touchgfx/framework/include/touchgfx/hal/HAL.hpp:124:18:virtual void touchgfx::HAL::setDisplayOrientation(touchgfx::DisplayOrientation)	0	static
../../Middlewares/ST/touchgfx/framework/include/touchgfx/hal/HAL.hpp:670:18:virtual bool touchgfx::HAL::sampleKey(uint8_t&)	0	static
../../Middlewares/ST/touchgfx/framework/include/touchgfx/hal/HAL.hpp:737:18:virtual void touchgfx::HAL::setAnimationStorage(void*)	0	static
../../Middlewares/ST/touchgfx/framework/include/touchgfx/hal/HAL.hpp:876:30:virtual touchgfx::FlashDataReader* touchgfx::HAL::getFlashDataReader() const	0	static
../../Middlewares/ST/touchgfx/framework/include/touchgfx/hal/HAL.hpp:1025:18:virtual void touchgfx::HAL::taskDelay(uint16_t)	0	static
../../Middlewares/ST/touchgfx/framework/include/touchgfx/hal/HAL.hpp:1052:22:virtual uint16_t touchgfx::HAL::getTFTCurrentLine()	0	static
../../Middlewares/ST/touchgfx/framework/include/touchgfx/hal/HAL.hpp:1063:21:virtual touchgfx::DMAType touchgfx::HAL::getDMAType()	0	static
../../Middlewares/ST/touchgfx/framework/include/touchgfx/hal/HAL.hpp:1189:18:virtual void touchgfx::HAL::InvalidateCache()	0	static
../../Middlewares/ST/touchgfx/framework/include/touchgfx/hal/HAL.hpp:1199:18:virtual void touchgfx::HAL::FlushCache()	0	static
../../Middlewares/ST/touchgfx/framework/include/touchgfx/widgets/Widget.hpp:45:18:virtual void touchgfx::Widget::getLastChild(int16_t, int16_t, touchgfx::Drawable**)	0	static
../../Middlewares/ST/touchgfx/framework/include/touchgfx/widgets/canvas/AbstractPainter.hpp:61:34:virtual touchgfx::HAL::RenderingMethod touchgfx::AbstractPainter::getRenderingMethod() const	0	static
../../Middlewares/ST/touchgfx/framework/include/touchgfx/widgets/canvas/AbstractPainter.hpp:78:18:virtual bool touchgfx::AbstractPainter::setup(const touchgfx::Rect&) const	0	static
../../Middlewares/ST/touchgfx/framework/include/touchgfx/widgets/canvas/AbstractPainter.hpp:90:18:virtual void touchgfx::AbstractPainter::tearDown() const	0	static
../../Middlewares/ST/touchgfx/framework/include/touchgfx/widgets/canvas/CanvasWidget.hpp:66:18:virtual void touchgfx::CanvasWidget::setAlpha(uint8_t)	0	static
../../Middlewares/ST/touchgfx/framework/include/touchgfx/widgets/canvas/CanvasWidget.hpp:72:21:virtual uint8_t touchgfx::CanvasWidget::getAlpha() const	0	static
../../Middlewares/ST/touchgfx/framework/include/touchgfx/widgets/canvas/CanvasWidget.hpp:118:18:virtual touchgfx::Rect touchgfx::CanvasWidget::getMinimalRect() const	8	static
../../Middlewares/ST/touchgfx/framework/include/touchgfx/widgets/canvas/CanvasWidget.hpp:134:18:virtual touchgfx::Rect touchgfx::CanvasWidget::getSolidRect() const	0	static
../../Middlewares/ST/touchgfx/framework/include/touchgfx/widgets/canvas/CWRVectorRenderer.hpp:64:18:virtual void touchgfx::CWRVectorRenderer::setMode(touchgfx::VectorRenderer::DrawMode)	0	static
../../Middlewares/ST/touchgfx/framework/include/touchgfx/widgets/canvas/CWRVectorRenderer.hpp:69:18:virtual void touchgfx::CWRVectorRenderer::setStrokeMiterLimit(float)	0	static
../../Middlewares/ST/touchgfx/framework/include/touchgfx/widgets/canvas/CWRVectorRenderer.hpp:74:18:virtual void touchgfx::CWRVectorRenderer::setStrokeLineJoin(touchgfx::VGStrokeLineJoin)	0	static
../../Middlewares/ST/touchgfx/framework/include/touchgfx/widgets/canvas/CWRVectorRenderer.hpp:79:18:virtual void touchgfx::CWRVectorRenderer::setStrokeLineCap(touchgfx::VGStrokeLineCap)	0	static
../../Middlewares/ST/touchgfx/framework/include/touchgfx/widgets/canvas/CWRVectorRenderer.hpp:210:22:virtual bool touchgfx::CWRVectorRenderer::CanvasWidgetProxy::drawCanvasWidget(const touchgfx::Rect&) const	0	static
../../Middlewares/ST/touchgfx/framework/include/touchgfx/widgets/canvas/CWRVectorRenderer.hpp:321:44:virtual touchgfx::AbstractPainterLinearGradient& touchgfx::CWRVectorRendererRGB565::getLinearPainter()	0	static
../../Middlewares/ST/touchgfx/framework/include/touchgfx/widgets/canvas/CWRVectorRenderer.hpp:326:35:virtual touchgfx::AbstractPainterColor& touchgfx::CWRVectorRendererRGB565::getColorPainterColor()	0	static
../../Middlewares/ST/touchgfx/framework/include/touchgfx/widgets/canvas/CWRVectorRenderer.hpp:331:30:virtual touchgfx::AbstractPainter& touchgfx::CWRVectorRendererRGB565::getColorPainter()	0	static
D:/NMT/Spring2023/EE481_capstone/STM_disco/LANL_Neutron_DSP/TouchGFX/target/generated/TouchGFXGeneratedHAL.cpp:29:36:void __tcf_1()	0	static
D:/NMT/Spring2023/EE481_capstone/STM_disco/LANL_Neutron_DSP/TouchGFX/target/generated/TouchGFXGeneratedHAL.cpp:46:6:virtual void TouchGFXGeneratedHAL::configureInterrupts()	0	static
D:/NMT/Spring2023/EE481_capstone/STM_disco/LANL_Neutron_DSP/TouchGFX/target/generated/TouchGFXGeneratedHAL.cpp:51:6:virtual void TouchGFXGeneratedHAL::enableInterrupts()	0	static
D:/NMT/Spring2023/EE481_capstone/STM_disco/LANL_Neutron_DSP/TouchGFX/target/generated/TouchGFXGeneratedHAL.cpp:61:6:virtual void TouchGFXGeneratedHAL::enableLCDControllerInterrupt()	0	static
D:/NMT/Spring2023/EE481_capstone/STM_disco/LANL_Neutron_DSP/TouchGFX/target/generated/TouchGFXGeneratedHAL.cpp:82:11:virtual uint16_t* TouchGFXGeneratedHAL::getTFTFrameBuffer() const	0	static
D:/NMT/Spring2023/EE481_capstone/STM_disco/LANL_Neutron_DSP/TouchGFX/target/generated/TouchGFXGeneratedHAL.cpp:88:6:virtual void TouchGFXGeneratedHAL::setTFTFrameBuffer(uint16_t*)	0	static
../../Middlewares/ST/touchgfx/framework/include/touchgfx/widgets/canvas/CWRVectorRenderer.hpp:319:7:touchgfx::CWRVectorRendererRGB565::~CWRVectorRendererRGB565()	0	static
../../Middlewares/ST/touchgfx/framework/include/touchgfx/widgets/canvas/CWRVectorRenderer.hpp:208:11:touchgfx::CWRVectorRenderer::CanvasWidgetProxy::~CanvasWidgetProxy()	0	static
../../TouchGFX/target/generated/TouchGFXGeneratedHAL.hpp:30:7:TouchGFXGeneratedHAL::~TouchGFXGeneratedHAL()	0	static
../../TouchGFX/target/generated/TouchGFXGeneratedHAL.hpp:30:7:virtual TouchGFXGeneratedHAL::~TouchGFXGeneratedHAL()	8	static
../../Middlewares/ST/touchgfx/framework/include/touchgfx/widgets/canvas/CWRVectorRenderer.hpp:208:11:virtual touchgfx::CWRVectorRenderer::CanvasWidgetProxy::~CanvasWidgetProxy()	8	static
../../Middlewares/ST/touchgfx/framework/include/touchgfx/widgets/canvas/CWRVectorRenderer.hpp:319:7:virtual touchgfx::CWRVectorRendererRGB565::~CWRVectorRendererRGB565()	8	static
D:/NMT/Spring2023/EE481_capstone/STM_disco/LANL_Neutron_DSP/TouchGFX/target/generated/TouchGFXGeneratedHAL.cpp:39:6:virtual void TouchGFXGeneratedHAL::initialize()	16	static
D:/NMT/Spring2023/EE481_capstone/STM_disco/LANL_Neutron_DSP/TouchGFX/target/generated/TouchGFXGeneratedHAL.cpp:65:6:virtual bool TouchGFXGeneratedHAL::beginFrame()	0	static
D:/NMT/Spring2023/EE481_capstone/STM_disco/LANL_Neutron_DSP/TouchGFX/target/generated/TouchGFXGeneratedHAL.cpp:70:6:virtual void TouchGFXGeneratedHAL::endFrame()	0	static
D:/NMT/Spring2023/EE481_capstone/STM_disco/LANL_Neutron_DSP/TouchGFX/target/generated/TouchGFXGeneratedHAL.cpp:93:6:virtual void TouchGFXGeneratedHAL::flushFrameBuffer(const touchgfx::Rect&)	0	static
D:/NMT/Spring2023/EE481_capstone/STM_disco/LANL_Neutron_DSP/TouchGFX/target/generated/TouchGFXGeneratedHAL.cpp:98:6:virtual bool TouchGFXGeneratedHAL::blockCopy(void*, const void*, uint32_t)	0	static
../../Middlewares/ST/touchgfx/framework/include/touchgfx/hal/HAL.hpp:638:18:virtual void touchgfx::HAL::backPorchExited()	8	static
../../TouchGFX/target/generated/TouchGFXGeneratedHAL.hpp:106:18:virtual void TouchGFXGeneratedHAL::flushFrameBuffer()	0	static
../../Middlewares/ST/touchgfx/framework/include/touchgfx/Drawable.hpp:121:18:virtual void touchgfx::Drawable::invalidateContent() const	0	static
../../Middlewares/ST/touchgfx/framework/include/touchgfx/hal/HAL.hpp:320:28:virtual touchgfx::BlitOperations touchgfx::HAL::getBlitCaps()	0	static
../../Middlewares/ST/touchgfx/framework/include/touchgfx/hal/HAL.hpp:1162:18:virtual void touchgfx::HAL::performDisplayOrientationChange()	8	static
../../Middlewares/ST/touchgfx/framework/include/touchgfx/hal/HAL.hpp:720:18:virtual void touchgfx::HAL::setFrameBufferStartAddresses(void*, void*, void*)	16	static
../../Middlewares/ST/touchgfx/framework/include/touchgfx/hal/HAL.hpp:156:18:virtual void touchgfx::HAL::setFrameBufferSize(uint16_t, uint16_t)	8	static
D:/NMT/Spring2023/EE481_capstone/STM_disco/LANL_Neutron_DSP/TouchGFX/target/generated/TouchGFXGeneratedHAL.cpp:56:6:virtual void TouchGFXGeneratedHAL::disableInterrupts()	0	static,ignoring_inline_asm
../../Middlewares/ST/touchgfx/framework/include/touchgfx/widgets/canvas/AbstractPainterRGB565.hpp:41:5:touchgfx::AbstractPainterRGB565::AbstractPainterRGB565()	16	static
D:/NMT/Spring2023/EE481_capstone/STM_disco/LANL_Neutron_DSP/TouchGFX/target/generated/TouchGFXGeneratedHAL.cpp:27:17:static touchgfx::VectorRenderer* touchgfx::VectorRenderer::getInstance()	16	static
